Component: ARM Compiler 5.05 update 1 (build 106) Tool: armlink [4d0efa]

==============================================================================

Section Cross References

    startup_stm32f10x_hd.o(RESET) refers to startup_stm32f10x_hd.o(STACK) for __initial_sp
    startup_stm32f10x_hd.o(RESET) refers to startup_stm32f10x_hd.o(.text) for Reset_Handler
    startup_stm32f10x_hd.o(RESET) refers to stm32f10x_it.o(.text) for NMI_Handler
    startup_stm32f10x_hd.o(RESET) refers to exti.o(.text) for EXTI9_5_IRQHandler
    startup_stm32f10x_hd.o(.text) refers to system_stm32f10x.o(.text) for SystemInit
    startup_stm32f10x_hd.o(.text) refers to entry.o(.ARM.Collect$$$$00000000) for __main
    system_stm32f10x.o(.text) refers to system_stm32f10x.o(.data) for SystemCoreClock
    stm32f10x_adc.o(.text) refers to stm32f10x_rcc.o(.text) for RCC_APB2PeriphResetCmd
    stm32f10x_bkp.o(.text) refers to stm32f10x_rcc.o(.text) for RCC_BackupResetCmd
    stm32f10x_can.o(.text) refers to stm32f10x_rcc.o(.text) for RCC_APB1PeriphResetCmd
    stm32f10x_cec.o(.text) refers to stm32f10x_rcc.o(.text) for RCC_APB1PeriphResetCmd
    stm32f10x_dac.o(.text) refers to stm32f10x_rcc.o(.text) for RCC_APB1PeriphResetCmd
    stm32f10x_gpio.o(.text) refers to stm32f10x_rcc.o(.text) for RCC_APB2PeriphResetCmd
    stm32f10x_i2c.o(.text) refers to stm32f10x_rcc.o(.text) for RCC_APB1PeriphResetCmd
    stm32f10x_pwr.o(.text) refers to stm32f10x_rcc.o(.text) for RCC_APB1PeriphResetCmd
    stm32f10x_rcc.o(.text) refers to stm32f10x_rcc.o(.data) for APBAHBPrescTable
    stm32f10x_spi.o(.text) refers to stm32f10x_rcc.o(.text) for RCC_APB2PeriphResetCmd
    stm32f10x_tim.o(.text) refers to stm32f10x_rcc.o(.text) for RCC_APB2PeriphResetCmd
    stm32f10x_usart.o(.text) refers to stm32f10x_rcc.o(.text) for RCC_APB2PeriphResetCmd
    stm32f10x_wwdg.o(.text) refers to stm32f10x_rcc.o(.text) for RCC_APB1PeriphResetCmd
    main.o(.text) refers to ffltui.o(.text) for __aeabi_ui2f
    main.o(.text) refers to fdiv.o(.text) for __aeabi_fdiv
    main.o(.text) refers to f2d.o(.text) for __aeabi_f2d
    main.o(.text) refers to dmul.o(.text) for __aeabi_dmul
    main.o(.text) refers to d2f.o(.text) for __aeabi_d2f
    main.o(.text) refers to fmul.o(.text) for __aeabi_fmul
    main.o(.text) refers to fadd.o(.text) for __aeabi_fsub
    main.o(.text) refers to stm32f10x_rcc.o(.text) for RCC_APB2PeriphClockCmd
    main.o(.text) refers to stm32f10x_gpio.o(.text) for GPIO_Init
    main.o(.text) refers to lcd.o(.text) for LCD_ShowString
    main.o(.text) refers to delay.o(.text) for delay_ms
    main.o(.text) refers to diskio.o(.text) for disk_initialize
    main.o(.text) refers to malloc.o(.text) for mem_init
    main.o(.text) refers to exfuns.o(.text) for exfuns_init
    main.o(.text) refers to ff.o(.text) for f_mount
    main.o(.text) refers to ddiv.o(.text) for __aeabi_ddiv
    main.o(.text) refers to dfixui.o(.text) for __aeabi_d2uiz
    main.o(.text) refers to dadd.o(.text) for __aeabi_dsub
    main.o(.text) refers to ringbuf.o(.text) for write_int_data_LCD
    main.o(.text) refers to main.o(.data) for i
    main.o(.text) refers to main.o(.bss) for w0
    main.o(.text) refers to main.o(.constdata) for IIR_50Notch_A
    main.o(.text) refers to exfuns.o(.data) for fs
    main.o(.text) refers to bsp_adc.o(.bss) for BUF1
    main.o(.text) refers to fft.o(.bss) for Mag
    main.o(.text) refers to fft.o(.data) for Mag_total
    main.o(.text) refers to rsearch.o(.text) for Rprocess
    main.o(.text) refers to ffixui.o(.text) for __aeabi_f2uiz
    main.o(.text) refers to ringbuf.o(.bss) for LCD_DrawBuf
    main.o(.text) refers to lcd.o(.data) for POINT_COLOR
    main.o(.text) refers to rsearch.o(.data) for average_rr
    main.o(.text) refers to bsp_rtc.o(.text) for RTC_Init
    main.o(.text) refers to bsp_adc.o(.text) for ADCx_Init
    main.o(.text) refers to exti.o(.text) for EXTIX_Init
    main.o(.text) refers to bsp_esp8266.o(.text) for ESP8266_Init
    main.o(.text) refers to common.o(.text) for USART_printf
    main.o(.text) refers to test.o(.text) for ESP8266_APTcpClient_UnvarnishTest
    main.o(.text) refers to bsp_adc.o(.data) for DMA_flag
    main.o(.text) refers to exti.o(.data) for Esp_Send_flag
    main.o(.text) refers to stm32f10x_rtc.o(.text) for RTC_GetCounter
    main.o(.text) refers to bsp_date.o(.text) for to_tm
    main.o(.text) refers to printf6.o(i.__0sprintf$6) for __2sprintf
    main.o(.text) refers to fft.o(.text) for FFT
    main.o(.text) refers to stm32f10x_dma.o(.text) for DMA_SetCurrDataCounter
    main.o(.text) refers to stm32f10x_adc.o(.text) for ADC_DMACmd
    main.o(.text) refers to stm32f10x_it.o(.bss) for systmtime
    stm32f10x_it.o(.text) refers to stm32f10x_dma.o(.text) for DMA_GetITStatus
    stm32f10x_it.o(.text) refers to stm32f10x_gpio.o(.text) for GPIO_ResetBits
    stm32f10x_it.o(.text) refers to lcd.o(.text) for LCD_ShowNum
[...]
    .data                                    0x20000074   Section        1  bsp_adc.o(.data)
    .data                                    0x20000076   Section        4  lcd.o(.data)
    .data                                    0x2000007c   Section        4  ringbuf.o(.data)
    .data                                    0x20000080   Section      520  fft.o(.data)
    .data                                    0x20000288   Section       24  rsearch.o(.data)
    .data                                    0x200002a0   Section       48  bsp_date.o(.data)
    month_days                               0x200002a0   Data          48  bsp_date.o(.data)
    .data                                    0x200002d0   Section        4  delay.o(.data)
    fac_us                                   0x200002d0   Data           1  delay.o(.data)
    fac_ms                                   0x200002d2   Data           2  delay.o(.data)
    .data                                    0x200002d4   Section        3  exti.o(.data)
    .data                                    0x200002d7   Section        1  key_1.o(.data)
    key_up                                   0x200002d7   Data           1  key_1.o(.data)
    .data                                    0x200002d8   Section        2  diskio.o(.data)
    .data                                    0x200002dc   Section       10  ff.o(.data)
    FatFs                                    0x200002dc   Data           8  ff.o(.data)
    Fsid                                     0x200002e4   Data           2  ff.o(.data)
    .data                                    0x200002e8   Section      340  exfuns.o(.data)
    .data                                    0x2000043c   Section        2  flash.o(.data)
    .data                                    0x2000043e   Section        1  mmc_sd.o(.data)
    .data                                    0x20000440   Section       20  malloc.o(.data)
    .data                                    0x20000454   Section        4  errno.o(.data)
    _errno                                   0x20000454   Data           4  errno.o(.data)
    .bss                                     0x20000458   Section     1068  main.o(.bss)
    Filname                                  0x20000458   Data          20  main.o(.bss)
    .bss                                     0x20000884   Section       28  stm32f10x_it.o(.bss)
    .bss                                     0x200008a0   Section     1026  bsp_esp8266.o(.bss)
    .bss                                     0x20000ca2   Section     1024  bsp_adc.o(.bss)
    .bss                                     0x200010a2   Section       14  lcd.o(.bss)
    .bss                                     0x200010b0   Section     1024  ringbuf.o(.bss)
    .bss                                     0x200014b0   Section     2688  fft.o(.bss)
    .bss                                     0x20001f30   Section     3152  rsearch.o(.bss)
    .bss                                     0x20002b80   Section     4096  flash.o(.bss)
    .bss                                     0x20003b80   Section       18  spi.o(.bss)
    .bss                                     0x20003b94   Section     4352  malloc.o(.bss)
    STACK                                    0x20004c98   Section     2048  startup_stm32f10x_hd.o(STACK)

    Global Symbols

    Symbol Name                              Value     Ov Type        Size  Object(Section)

    BuildAttributes$$THM_ISAv4$P$D$K$B$S$PE$A:L22UL41UL21$X:L11$S22US41US21$IEEE1$IW$USESV6$~STKCKD$USESV7$~SHL$OTIME$ROPI$IEEEJ$EBA8$MICROLIB$REQ8$PRES8$EABIv2 0x00000000   Number         0  anon$$obj.o ABSOLUTE
    __ARM_use_no_argv                        0x00000000   Number         0  main.o ABSOLUTE
    _printf_a                                0x00000000   Number         0  stubs.o ABSOLUTE
    _printf_c                                0x00000000   Number         0  stubs.o ABSOLUTE
    _printf_charcount                        0x00000000   Number         0  stubs.o ABSOLUTE
    _printf_d                                0x00000000   Number         0  stubs.o ABSOLUTE
    _printf_e                                0x00000000   Number         0  stubs.o ABSOLUTE
    _printf_f                                0x00000000   Number         0  stubs.o ABSOLUTE
    _printf_flags                            0x00000000   Number         0  stubs.o ABSOLUTE
    _printf_fp_dec                           0x00000000   Number         0  stubs.o ABSOLUTE
    _printf_fp_hex                           0x00000000   Number         0  stubs.o ABSOLUTE
    _printf_g                                0x00000000   Number         0  stubs.o ABSOLUTE
    _printf_i                                0x00000000   Number         0  stubs.o ABSOLUTE
    _printf_int_dec                          0x00000000   Number         0  stubs.o ABSOLUTE
    _printf_l                                0x00000000   Number         0  stubs.o ABSOLUTE
    _printf_lc                               0x00000000   Number         0  stubs.o ABSOLUTE
    _printf_ll                               0x00000000   Number         0  stubs.o ABSOLUTE
    _printf_lld                              0x00000000   Number         0  stubs.o ABSOLUTE
    _printf_lli                              0x00000000   Number         0  stubs.o ABSOLUTE
    _printf_llo                              0x00000000   Number         0  stubs.o ABSOLUTE
    _printf_llu                              0x00000000   Number         0  stubs.o ABSOLUTE
    _printf_llx                              0x00000000   Number         0  stubs.o ABSOLUTE
    _printf_longlong_dec                     0x00000000   Number         0  stubs.o ABSOLUTE
    _printf_longlong_hex                     0x00000000   Number         0  stubs.o ABSOLUTE
    _printf_longlong_oct                     0x00000000   Number         0  stubs.o ABSOLUTE
    _printf_ls                               0x00000000   Number         0  stubs.o ABSOLUTE
    _printf_mbtowc                           0x00000000   Number         0  stubs.o ABSOLUTE
    _printf_n                                0x00000000   Number         0  stubs.o ABSOLUTE
    _printf_o                                0x00000000   Number         0  stubs.o ABSOLUTE
    _printf_p                                0x00000000   Number         0  stubs.o ABSOLUTE
    _printf_percent                          0x00000000   Number         0  stubs.o ABSOLUTE
    _printf_pre_padding                      0x00000000   Number         0  stubs.o ABSOLUTE
    _printf_return_value                     0x00000000   Number         0  stubs.o ABSOLUTE
    _printf_s                                0x00000000   Number         0  stubs.o ABSOLUTE
    _printf_sizespec                         0x00000000   Number         0  stubs.o ABSOLUTE
    _printf_str                              0x00000000   Number         0  stubs.o ABSOLUTE
    _printf_truncate_signed                  0x00000000   Number         0  stubs.o ABSOLUTE
    _printf_truncate_unsigned                0x00000000   Number         0  stubs.o ABSOLUTE
    _printf_u                                0x00000000   Number         0  stubs.o ABSOLUTE
    _printf_wc                               0x00000000   Number         0  stubs.o ABSOLUTE
    _printf_wctomb                           0x00000000   Number         0  stubs.o ABSOLUTE
    _printf_widthprec                        0x00000000   Number         0  stubs.o ABSOLUTE
    _printf_x                                0x00000000   Number         0  stubs.o ABSOLUTE
    __cpp_initialize__aeabi_                  - Undefined Weak Reference
    __cxa_finalize                            - Undefined Weak Reference
    _clock_init                               - Undefined Weak Reference
    _microlib_exit                            - Undefined Weak Reference
    __Vectors_Size                           0x00000130   Number         0  startup_stm32f10x_hd.o ABSOLUTE
    __Vectors                                0x08000000   Data           4  startup_stm32f10x_hd.o(RESET)
    __Vectors_End                            0x08000130   Data           0  startup_stm32f10x_hd.o(RESET)
    __main                                   0x08000131   Thumb Code     0  entry.o(.ARM.Collect$$$$00000000)
    _main_stk                                0x08000131   Thumb Code     0  entry2.o(.ARM.Collect$$$$00000001)
    _main_scatterload                        0x08000135   Thumb Code     0  entry5.o(.ARM.Collect$$$$00000004)
    __main_after_scatterload                 0x08000139   Thumb Code     0  entry5.o(.ARM.Collect$$$$00000004)
    _main_clock                              0x08000139   Thumb Code     0  entry7b.o(.ARM.Collect$$$$00000008)
    _main_cpp_init                           0x08000139   Thumb Code     0  entry8b.o(.ARM.Collect$$$$0000000A)
    _main_init                               0x08000139   Thumb Code     0  entry9a.o(.ARM.Collect$$$$0000000B)
    __rt_final_cpp                           0x08000141   Thumb Code     0  entry10a.o(.ARM.Collect$$$$0000000D)
    __rt_final_exit                          0x08000141   Thumb Code     0  entry11a.o(.ARM.Collect$$$$0000000F)
    Reset_Handler                            0x08000145   Thumb Code     8  startup_stm32f10x_hd.o(.text)
    SysTick_Handler                          0x0800015d   Thumb Code     2  startup_stm32f10x_hd.o(.text)
    ADC1_2_IRQHandler                        0x0800015f   Thumb Code     0  startup_stm32f10x_hd.o(.text)
    ADC3_IRQHandler                          0x0800015f   Thumb Code     0  startup_stm32f10x_hd.o(.text)
    CAN1_RX1_IRQHandler                      0x0800015f   Thumb Code     0  startup_stm32f10x_hd.o(.text)
    CAN1_SCE_IRQHandler                      0x0800015f   Thumb Code     0  startup_stm32f10x_hd.o(.text)
    DMA1_Channel2_IRQHandler                 0x0800015f   Thumb Code     0  startup_stm32f10x_hd.o(.text)
    DMA1_Channel3_IRQHandler                 0x0800015f   Thumb Code     0  startup_stm32f10x_hd.o(.text)
    DMA1_Channel4_IRQHandler                 0x0800015f   Thumb Code     0  startup_stm32f10x_hd.o(.text)
    DMA1_Channel5_IRQHandler                 0x0800015f   Thumb Code     0  startup_stm32f10x_hd.o(.text)
    DMA1_Channel6_IRQHandler                 0x0800015f   Thumb Code     0  startup_stm32f10x_hd.o(.text)
    DMA1_Channel7_IRQHandler                 0x0800015f   Thumb Code     0  startup_stm32f10x_hd.o(.text)
    DMA2_Channel1_IRQHandler                 0x0800015f   Thumb Code     0  startup_stm32f10x_hd.o(.text)
    DMA2_Channel2_IRQHandler                 0x0800015f   Thumb Code     0  startup_stm32f10x_hd.o(.text)
    DMA2_Channel3_IRQHandler                 0x0800015f   Thumb Code     0  startup_stm32f10x_hd.o(.text)
    DMA2_Channel4_5_IRQHandler               0x0800015f   Thumb Code     0  startup_stm32f10x_hd.o(.text)
    EXTI0_IRQHandler                         0x0800015f   Thumb Code     0  startup_stm32f10x_hd.o(.text)
    EXTI1_IRQHandler                         0x0800015f   Thumb Code     0  startup_stm32f10x_hd.o(.text)
    EXTI2_IRQHandler                         0x0800015f   Thumb Code     0  startup_stm32f10x_hd.o(.text)
    EXTI3_IRQHandler                         0x0800015f   Thumb Code     0  startup_stm32f10x_hd.o(.text)
    EXTI4_IRQHandler                         0x0800015f   Thumb Code     0  startup_stm32f10x_hd.o(.text)
    FLASH_IRQHandler                         0x0800015f   Thumb Code     0  startup_stm32f10x_hd.o(.text)
    FSMC_IRQHandler                          0x0800015f   Thumb Code     0  startup_stm32f10x_hd.o(.text)
    I2C1_ER_IRQHandler                       0x0800015f   Thumb Code     0  startup_stm32f10x_hd.o(.text)
    I2C1_EV_IRQHandler                       0x0800015f   Thumb Code     0  startup_stm32f10x_hd.o(.text)
    I2C2_ER_IRQHandler                       0x0800015f   Thumb Code     0  startup_stm32f10x_hd.o(.text)
    I2C2_EV_IRQHandler                       0x0800015f   Thumb Code     0  startup_stm32f10x_hd.o(.text)
    PVD_IRQHandler                           0x0800015f   Thumb Code     0  startup_stm32f10x_hd.o(.text)
    RCC_IRQHandler                           0x0800015f   Thumb Code     0  startup_stm32f10x_hd.o(.text)
    RTCAlarm_IRQHandler                      0x0800015f   Thumb Code     0  startup_stm32f10x_hd.o(.text)
    SDIO_IRQHandler                          0x0800015f   Thumb Code     0  startup_stm32f10x_hd.o(.text)
    SPI1_IRQHandler                          0x0800015f   Thumb Code     0  startup_stm32f10x_hd.o(.text)
    SPI2_IRQHandler                          0x0800015f   Thumb Code     0  startup_stm32f10x_hd.o(.text)
    SPI3_IRQHandler                          0x0800015f   Thumb Code     0  startup_stm32f10x_hd.o(.text)
    TAMPER_IRQHandler                        0x0800015f   Thumb Code     0  startup_stm32f10x_hd.o(.text)
    TIM1_BRK_IRQHandler                      0x0800015f   Thumb Code     0  startup_stm32f10x_hd.o(.text)
    TIM1_CC_IRQHandler                       0x0800015f   Thumb Code     0  startup_stm32f10x_hd.o(.text)
    TIM1_TRG_COM_IRQHandler                  0x0800015f   Thumb Code     0  startup_stm32f10x_hd.o(.text)
    TIM1_UP_IRQHandler                       0x0800015f   Thumb Code     0  startup_stm32f10x_hd.o(.text)
    TIM2_IRQHandler                          0x0800015f   Thumb Code     0  startup_stm32f10x_hd.o(.text)
    TIM3_IRQHandler                          0x0800015f   Thumb Code     0  startup_stm32f10x_hd.o(.text)
    TIM4_IRQHandler                          0x0800015f   Thumb Code     0  startup_stm32f10x_hd.o(.text)
    TIM5_IRQHandler                          0x0800015f   Thumb Code     0  startup_stm32f10x_hd.o(.text)
    TIM6_IRQHandler                          0x0800015f   Thumb Code     0  startup_stm32f10x_hd.o(.text)
    TIM7_IRQHandler                          0x0800015f   Thumb Code     0  startup_stm32f10x_hd.o(.text)
    TIM8_BRK_IRQHandler                      0x0800015f   Thumb Code     0  startup_stm32f10x_hd.o(.text)
    TIM8_CC_IRQHandler                       0x0800015f   Thumb Code     0  startup_stm32f10x_hd.o(.text)
    TIM8_TRG_COM_IRQHandler                  0x0800015f   Thumb Code     0  startup_stm32f10x_hd.o(.text)
    TIM8_UP_IRQHandler                       0x0800015f   Thumb Code     0  startup_stm32f10x_hd.o(.text)
    UART4_IRQHandler                         0x0800015f   Thumb Code     0  startup_stm32f10x_hd.o(.text)
    UART5_IRQHandler                         0x0800015f   Thumb Code     0  startup_stm32f10x_hd.o(.text)
    USART2_IRQHandler                        0x0800015f   Thumb Code     0  startup_stm32f10x_hd.o(.text)
    USART3_IRQHandler                        0x0800015f   Thumb Code     0  startup_stm32f10x_hd.o(.text)
    USBWakeUp_IRQHandler                     0x0800015f   Thumb Code     0  startup_stm32f10x_hd.o(.text)
    USB_HP_CAN1_TX_IRQHandler                0x0800015f   Thumb Code     0  startup_stm32f10x_hd.o(.text)
    USB_LP_CAN1_RX0_IRQHandler               0x0800015f   Thumb Code     0  startup_stm32f10x_hd.o(.text)
    WWDG_IRQHandler                          0x0800015f   Thumb Code     0  startup_stm32f10x_hd.o(.text)
    SystemInit                               0x08000247   Thumb Code    78  system_stm32f10x.o(.text)
    SystemCoreClockUpdate                    0x08000295   Thumb Code   142  system_stm32f10x.o(.text)
    NVIC_PriorityGroupConfig                 0x08000349   Thumb Code    10  misc.o(.text)
    NVIC_Init                                0x08000353   Thumb Code   100  misc.o(.text)
    NVIC_SetVectorTable                      0x080003b7   Thumb Code    14  misc.o(.text)
    NVIC_SystemLPConfig                      0x080003c5   Thumb Code    34  misc.o(.text)
    SysTick_CLKSourceConfig                  0x080003e7   Thumb Code    40  misc.o(.text)
    ADC_DeInit                               0x08000425   Thumb Code    78  stm32f10x_adc.o(.text)
    ADC_Init                                 0x08000473   Thumb Code    70  stm32f10x_adc.o(.text)
    ADC_StructInit                           0x080004b9   Thumb Code    18  stm32f10x_adc.o(.text)
    ADC_Cmd                                  0x080004cb   Thumb Code    22  stm32f10x_adc.o(.text)
    ADC_DMACmd                               0x080004e1   Thumb Code    22  stm32f10x_adc.o(.text)
    ADC_ITConfig                             0x080004f7   Thumb Code    24  stm32f10x_adc.o(.text)
    ADC_ResetCalibration                     0x0800050f   Thumb Code    10  stm32f10x_adc.o(.text)
    ADC_GetResetCalibrationStatus            0x08000519   Thumb Code    20  stm32f10x_adc.o(.text)
    ADC_StartCalibration                     0x0800052d   Thumb Code    10  stm32f10x_adc.o(.text)
    ADC_GetCalibrationStatus                 0x08000537   Thumb Code    20  stm32f10x_adc.o(.text)
    ADC_SoftwareStartConvCmd                 0x0800054b   Thumb Code    22  stm32f10x_adc.o(.text)
    ADC_GetSoftwareStartConvStatus           0x08000561   Thumb Code    20  stm32f10x_adc.o(.text)
    ADC_DiscModeChannelCountConfig           0x08000575   Thumb Code    24  stm32f10x_adc.o(.text)
    ADC_DiscModeCmd                          0x0800058d   Thumb Code    22  stm32f10x_adc.o(.text)
    ADC_RegularChannelConfig                 0x080005a3   Thumb Code   184  stm32f10x_adc.o(.text)
    ADC_ExternalTrigConvCmd                  0x0800065b   Thumb Code    22  stm32f10x_adc.o(.text)
    ADC_GetConversionValue                   0x08000671   Thumb Code     8  stm32f10x_adc.o(.text)
    ADC_GetDualModeConversionValue           0x08000679   Thumb Code     8  stm32f10x_adc.o(.text)
    ADC_AutoInjectedConvCmd                  0x08000681   Thumb Code    22  stm32f10x_adc.o(.text)
    ADC_InjectedDiscModeCmd                  0x08000697   Thumb Code    22  stm32f10x_adc.o(.text)
    ADC_ExternalTrigInjectedConvConfig       0x080006ad   Thumb Code    16  stm32f10x_adc.o(.text)
    ADC_ExternalTrigInjectedConvCmd          0x080006bd   Thumb Code    22  stm32f10x_adc.o(.text)
    ADC_SoftwareStartInjectedConvCmd         0x080006d3   Thumb Code    22  stm32f10x_adc.o(.text)
    ADC_GetSoftwareStartInjectedConvCmdStatus 0x080006e9   Thumb Code    20  stm32f10x_adc.o(.text)
    ADC_InjectedChannelConfig                0x080006fd   Thumb Code   130  stm32f10x_adc.o(.text)
    ADC_InjectedSequencerLengthConfig        0x0800077f   Thumb Code    24  stm32f10x_adc.o(.text)
    ADC_SetInjectedOffset                    0x08000797   Thumb Code    20  stm32f10x_adc.o(.text)
    ADC_GetInjectedConversionValue           0x080007ab   Thumb Code    28  stm32f10x_adc.o(.text)
    ADC_AnalogWatchdogCmd                    0x080007c7   Thumb Code    16  stm32f10x_adc.o(.text)
    ADC_AnalogWatchdogThresholdsConfig       0x080007d7   Thumb Code     6  stm32f10x_adc.o(.text)
    ADC_AnalogWatchdogSingleChannelConfig    0x080007dd   Thumb Code    16  stm32f10x_adc.o(.text)
    ADC_TempSensorVrefintCmd                 0x080007ed   Thumb Code    64  stm32f10x_adc.o(.text)
    ADC_GetFlagStatus                        0x0800082d   Thumb Code    18  stm32f10x_adc.o(.text)
    ADC_ClearFlag                            0x0800083f   Thumb Code     6  stm32f10x_adc.o(.text)
    ADC_GetITStatus                          0x08000845   Thumb Code    36  stm32f10x_adc.o(.text)
    ADC_ClearITPendingBit                    0x08000869   Thumb Code    10  stm32f10x_adc.o(.text)
    BKP_DeInit                               0x08000875   Thumb Code    16  stm32f10x_bkp.o(.text)
    BKP_TamperPinLevelConfig                 0x08000885   Thumb Code     6  stm32f10x_bkp.o(.text)
    BKP_TamperPinCmd                         0x0800088b   Thumb Code     8  stm32f10x_bkp.o(.text)
    BKP_ITConfig                             0x08000893   Thumb Code     8  stm32f10x_bkp.o(.text)
    BKP_RTCOutputConfig                      0x0800089b   Thumb Code    22  stm32f10x_bkp.o(.text)
    BKP_SetRTCCalibrationValue               0x080008b1   Thumb Code    22  stm32f10x_bkp.o(.text)
    BKP_WriteBackupRegister                  0x080008c7   Thumb Code    24  stm32f10x_bkp.o(.text)
    BKP_ReadBackupRegister                   0x080008df   Thumb Code    26  stm32f10x_bkp.o(.text)
    BKP_GetFlagStatus                        0x080008f9   Thumb Code    10  stm32f10x_bkp.o(.text)
    BKP_ClearFlag                            0x08000903   Thumb Code    18  stm32f10x_bkp.o(.text)
    BKP_GetITStatus                          0x08000915   Thumb Code    10  stm32f10x_bkp.o(.text)
    BKP_ClearITPendingBit                    0x0800091f   Thumb Code    18  stm32f10x_bkp.o(.text)
    DMA_DeInit                               0x08000939   Thumb Code   324  stm32f10x_dma.o(.text)
    DMA_Init                                 0x08000a7d   Thumb Code    60  stm32f10x_dma.o(.text)
    DMA_StructInit                           0x08000ab9   Thumb Code    26  stm32f10x_dma.o(.text)
    DMA_Cmd                                  0x08000ad3   Thumb Code    24  stm32f10x_dma.o(.text)
    DMA_ITConfig                             0x08000aeb   Thumb Code    18  stm32f10x_dma.o(.text)
    DMA_SetCurrDataCounter                   0x08000afd   Thumb Code     4  stm32f10x_dma.o(.text)
    DMA_GetCurrDataCounter                   0x08000b01   Thumb Code     8  stm32f10x_dma.o(.text)
    DMA_GetFlagStatus                        0x08000b09   Thumb Code    40  stm32f10x_dma.o(.text)
    DMA_ClearFlag                            0x08000b31   Thumb Code    22  stm32f10x_dma.o(.text)
    DMA_GetITStatus                          0x08000b47   Thumb Code    40  stm32f10x_dma.o(.text)
    DMA_ClearITPendingBit                    0x08000b6f   Thumb Code    22  stm32f10x_dma.o(.text)
    EXTI_DeInit                              0x08000b8d   Thumb Code    28  stm32f10x_exti.o(.text)
    EXTI_Init                                0x08000ba9   Thumb Code   142  stm32f10x_exti.o(.text)
    EXTI_StructInit                          0x08000c37   Thumb Code    16  stm32f10x_exti.o(.text)
    EXTI_GenerateSWInterrupt                 0x08000c47   Thumb Code    16  stm32f10x_exti.o(.text)
    EXTI_GetFlagStatus                       0x08000c57   Thumb Code    22  stm32f10x_exti.o(.text)
    EXTI_ClearFlag                           0x08000c6d   Thumb Code     8  stm32f10x_exti.o(.text)
    EXTI_GetITStatus                         0x08000c75   Thumb Code    34  stm32f10x_exti.o(.text)
    EXTI_ClearITPendingBit                   0x08000c97   Thumb Code     8  stm32f10x_exti.o(.text)
    GPIO_DeInit                              0x08000ca9   Thumb Code   172  stm32f10x_gpio.o(.text)
    GPIO_AFIODeInit                          0x08000d55   Thumb Code    20  stm32f10x_gpio.o(.text)
    GPIO_Init                                0x08000d69   Thumb Code   278  stm32f10x_gpio.o(.text)
    GPIO_StructInit                          0x08000e7f   Thumb Code    16  stm32f10x_gpio.o(.text)
    GPIO_ReadInputDataBit                    0x08000e8f   Thumb Code    18  stm32f10x_gpio.o(.text)
    GPIO_ReadInputData                       0x08000ea1   Thumb Code     8  stm32f10x_gpio.o(.text)
    GPIO_ReadOutputDataBit                   0x08000ea9   Thumb Code    18  stm32f10x_gpio.o(.text)
    GPIO_ReadOutputData                      0x08000ebb   Thumb Code     8  stm32f10x_gpio.o(.text)
    GPIO_SetBits                             0x08000ec3   Thumb Code     4  stm32f10x_gpio.o(.text)
    GPIO_ResetBits                           0x08000ec7   Thumb Code     4  stm32f10x_gpio.o(.text)
    GPIO_WriteBit                            0x08000ecb   Thumb Code    10  stm32f10x_gpio.o(.text)
    GPIO_Write                               0x08000ed5   Thumb Code     4  stm32f10x_gpio.o(.text)
    GPIO_PinLockConfig                       0x08000ed9   Thumb Code    18  stm32f10x_gpio.o(.text)
    GPIO_EventOutputConfig                   0x08000eeb   Thumb Code    26  stm32f10x_gpio.o(.text)
    GPIO_EventOutputCmd                      0x08000f05   Thumb Code     6  stm32f10x_gpio.o(.text)
    GPIO_PinRemapConfig                      0x08000f0b   Thumb Code   138  stm32f10x_gpio.o(.text)
    GPIO_EXTILineConfig                      0x08000f95   Thumb Code    66  stm32f10x_gpio.o(.text)
    GPIO_ETH_MediaInterfaceConfig            0x08000fd7   Thumb Code     8  stm32f10x_gpio.o(.text)
    PWR_DeInit                               0x08001005   Thumb Code    22  stm32f10x_pwr.o(.text)
    PWR_BackupAccessCmd                      0x0800101b   Thumb Code     6  stm32f10x_pwr.o(.text)
    PWR_PVDCmd                               0x08001021   Thumb Code     6  stm32f10x_pwr.o(.text)
    PWR_PVDLevelConfig                       0x08001027   Thumb Code    18  stm32f10x_pwr.o(.text)
    PWR_WakeUpPinCmd                         0x08001039   Thumb Code     8  stm32f10x_pwr.o(.text)
    PWR_EnterSTOPMode                        0x08001041   Thumb Code    54  stm32f10x_pwr.o(.text)
    PWR_EnterSTANDBYMode                     0x08001077   Thumb Code    42  stm32f10x_pwr.o(.text)
    PWR_GetFlagStatus                        0x080010a1   Thumb Code    20  stm32f10x_pwr.o(.text)
    PWR_ClearFlag                            0x080010b5   Thumb Code    14  stm32f10x_pwr.o(.text)
    RCC_DeInit                               0x080010d1   Thumb Code    64  stm32f10x_rcc.o(.text)
    RCC_HSEConfig                            0x08001111   Thumb Code    70  stm32f10x_rcc.o(.text)
    RCC_GetFlagStatus                        0x08001157   Thumb Code    56  stm32f10x_rcc.o(.text)
    RCC_WaitForHSEStartUp                    0x0800118f   Thumb Code    56  stm32f10x_rcc.o(.text)
    RCC_AdjustHSICalibrationValue            0x080011c7   Thumb Code    20  stm32f10x_rcc.o(.text)
    RCC_HSICmd                               0x080011db   Thumb Code     6  stm32f10x_rcc.o(.text)
    RCC_PLLConfig                            0x080011e1   Thumb Code    24  stm32f10x_rcc.o(.text)
    RCC_PLLCmd                               0x080011f9   Thumb Code     6  stm32f10x_rcc.o(.text)
    RCC_SYSCLKConfig                         0x080011ff   Thumb Code    18  stm32f10x_rcc.o(.text)
    RCC_GetSYSCLKSource                      0x08001211   Thumb Code    10  stm32f10x_rcc.o(.text)
    RCC_HCLKConfig                           0x0800121b   Thumb Code    18  stm32f10x_rcc.o(.text)
    RCC_PCLK1Config                          0x0800122d   Thumb Code    18  stm32f10x_rcc.o(.text)
    RCC_PCLK2Config                          0x0800123f   Thumb Code    20  stm32f10x_rcc.o(.text)
    RCC_ITConfig                             0x08001253   Thumb Code    26  stm32f10x_rcc.o(.text)
    RCC_USBCLKConfig                         0x0800126d   Thumb Code     8  stm32f10x_rcc.o(.text)
    RCC_ADCCLKConfig                         0x08001275   Thumb Code    18  stm32f10x_rcc.o(.text)
    RCC_LSEConfig                            0x08001287   Thumb Code    50  stm32f10x_rcc.o(.text)
    RCC_LSICmd                               0x080012b9   Thumb Code     6  stm32f10x_rcc.o(.text)
    RCC_RTCCLKConfig                         0x080012bf   Thumb Code    12  stm32f10x_rcc.o(.text)
    RCC_RTCCLKCmd                            0x080012cb   Thumb Code     8  stm32f10x_rcc.o(.text)
    RCC_GetClocksFreq                        0x080012d3   Thumb Code   192  stm32f10x_rcc.o(.text)
    RCC_AHBPeriphClockCmd                    0x08001393   Thumb Code    26  stm32f10x_rcc.o(.text)
    RCC_APB2PeriphClockCmd                   0x080013ad   Thumb Code    26  stm32f10x_rcc.o(.text)
    RCC_APB1PeriphClockCmd                   0x080013c7   Thumb Code    26  stm32f10x_rcc.o(.text)
    RCC_APB2PeriphResetCmd                   0x080013e1   Thumb Code    26  stm32f10x_rcc.o(.text)
    RCC_APB1PeriphResetCmd                   0x080013fb   Thumb Code    26  stm32f10x_rcc.o(.text)
    RCC_BackupResetCmd                       0x08001415   Thumb Code     8  stm32f10x_rcc.o(.text)
    RCC_ClockSecuritySystemCmd               0x0800141d   Thumb Code     6  stm32f10x_rcc.o(.text)
    RCC_MCOConfig                            0x08001423   Thumb Code     6  stm32f10x_rcc.o(.text)
    RCC_ClearFlag                            0x08001429   Thumb Code    14  stm32f10x_rcc.o(.text)
    RCC_GetITStatus                          0x08001437   Thumb Code    20  stm32f10x_rcc.o(.text)
    RCC_ClearITPendingBit                    0x0800144b   Thumb Code     6  stm32f10x_rcc.o(.text)
    RTC_ITConfig                             0x08001475   Thumb Code    26  stm32f10x_rtc.o(.text)
    RTC_EnterConfigMode                      0x0800148f   Thumb Code    18  stm32f10x_rtc.o(.text)
    RTC_ExitConfigMode                       0x080014a1   Thumb Code    20  stm32f10x_rtc.o(.text)
    RTC_GetCounter                           0x080014b5   Thumb Code    18  stm32f10x_rtc.o(.text)
    RTC_SetCounter                           0x080014c7   Thumb Code    26  stm32f10x_rtc.o(.text)
    RTC_SetPrescaler                         0x080014e1   Thumb Code    28  stm32f10x_rtc.o(.text)
    RTC_SetAlarm                             0x080014fd   Thumb Code    26  stm32f10x_rtc.o(.text)
    RTC_GetDivider                           0x08001517   Thumb Code    22  stm32f10x_rtc.o(.text)
    RTC_WaitForLastTask                      0x0800152d   Thumb Code    18  stm32f10x_rtc.o(.text)
    RTC_WaitForSynchro                       0x0800153f   Thumb Code    36  stm32f10x_rtc.o(.text)
    RTC_GetFlagStatus                        0x08001563   Thumb Code    22  stm32f10x_rtc.o(.text)
    RTC_ClearFlag                            0x08001579   Thumb Code    16  stm32f10x_rtc.o(.text)
    RTC_GetITStatus                          0x08001589   Thumb Code    32  stm32f10x_rtc.o(.text)
    RTC_ClearITPendingBit                    0x080015a9   Thumb Code    16  stm32f10x_rtc.o(.text)
    SPI_I2S_DeInit                           0x080015bd   Thumb Code    76  stm32f10x_spi.o(.text)
    SPI_Init                                 0x08001609   Thumb Code    60  stm32f10x_spi.o(.text)
    I2S_Init                                 0x08001645   Thumb Code   226  stm32f10x_spi.o(.text)
    SPI_StructInit                           0x08001727   Thumb Code    24  stm32f10x_spi.o(.text)
    I2S_StructInit                           0x0800173f   Thumb Code    20  stm32f10x_spi.o(.text)
    SPI_Cmd                                  0x08001753   Thumb Code    24  stm32f10x_spi.o(.text)
    I2S_Cmd                                  0x0800176b   Thumb Code    24  stm32f10x_spi.o(.text)
    SPI_I2S_ITConfig                         0x08001783   Thumb Code    32  stm32f10x_spi.o(.text)
    SPI_I2S_DMACmd                           0x080017a3   Thumb Code    18  stm32f10x_spi.o(.text)
    SPI_I2S_SendData                         0x080017b5   Thumb Code     4  stm32f10x_spi.o(.text)
    SPI_I2S_ReceiveData                      0x080017b9   Thumb Code     6  stm32f10x_spi.o(.text)
    SPI_NSSInternalSoftwareConfig            0x080017bf   Thumb Code    30  stm32f10x_spi.o(.text)
    SPI_SSOutputCmd                          0x080017dd   Thumb Code    24  stm32f10x_spi.o(.text)
    SPI_DataSizeConfig                       0x080017f5   Thumb Code    18  stm32f10x_spi.o(.text)
    SPI_TransmitCRC                          0x08001807   Thumb Code    10  stm32f10x_spi.o(.text)
    SPI_CalculateCRC                         0x08001811   Thumb Code    24  stm32f10x_spi.o(.text)
    SPI_GetCRC                               0x08001829   Thumb Code    16  stm32f10x_spi.o(.text)
    SPI_GetCRCPolynomial                     0x08001839   Thumb Code     6  stm32f10x_spi.o(.text)
    SPI_BiDirectionalLineConfig              0x0800183f   Thumb Code    28  stm32f10x_spi.o(.text)
    SPI_I2S_GetFlagStatus                    0x0800185b   Thumb Code    18  stm32f10x_spi.o(.text)
    SPI_I2S_ClearFlag                        0x0800186d   Thumb Code     6  stm32f10x_spi.o(.text)
    SPI_I2S_GetITStatus                      0x08001873   Thumb Code    52  stm32f10x_spi.o(.text)
    SPI_I2S_ClearITPendingBit                0x080018a7   Thumb Code    20  stm32f10x_spi.o(.text)
    TIM_DeInit                               0x080018c9   Thumb Code   424  stm32f10x_tim.o(.text)
    TIM_TimeBaseInit                         0x08001a71   Thumb Code   122  stm32f10x_tim.o(.text)
    TIM_OC1Init                              0x08001aeb   Thumb Code   132  stm32f10x_tim.o(.text)
    TIM_OC2Init                              0x08001b6f   Thumb Code   154  stm32f10x_tim.o(.text)
    TIM_OC3Init                              0x08001c09   Thumb Code   150  stm32f10x_tim.o(.text)
    TIM_OC4Init                              0x08001c9f   Thumb Code   182  stm32f10x_tim.o(.text)
    TIM_SetIC4Prescaler                      0x08001d55   Thumb Code    26  stm32f10x_tim.o(.text)
    TIM_SetIC3Prescaler                      0x08001df1   Thumb Code    18  stm32f10x_tim.o(.text)
    TIM_SetIC2Prescaler                      0x08001e7d   Thumb Code    26  stm32f10x_tim.o(.text)
    TIM_SetIC1Prescaler                      0x08001f19   Thumb Code    18  stm32f10x_tim.o(.text)
    TIM_ICInit                               0x08001f97   Thumb Code   150  stm32f10x_tim.o(.text)
    TIM_PWMIConfig                           0x0800202d   Thumb Code   124  stm32f10x_tim.o(.text)
    TIM_BDTRConfig                           0x080020a9   Thumb Code    32  stm32f10x_tim.o(.text)
    TIM_TimeBaseStructInit                   0x080020c9   Thumb Code    18  stm32f10x_tim.o(.text)
    TIM_OCStructInit                         0x080020db   Thumb Code    20  stm32f10x_tim.o(.text)
    TIM_ICStructInit                         0x080020ef   Thumb Code    18  stm32f10x_tim.o(.text)
    TIM_BDTRStructInit                       0x08002101   Thumb Code    40  stm32f10x_tim.o(.text)
    TIM_Cmd                                  0x08002129   Thumb Code    24  stm32f10x_tim.o(.text)
    TIM_CtrlPWMOutputs                       0x08002141   Thumb Code    30  stm32f10x_tim.o(.text)
    TIM_ITConfig                             0x0800215f   Thumb Code    18  stm32f10x_tim.o(.text)
    TIM_GenerateEvent                        0x08002171   Thumb Code     4  stm32f10x_tim.o(.text)
    TIM_DMAConfig                            0x08002175   Thumb Code    10  stm32f10x_tim.o(.text)
    TIM_DMACmd                               0x0800217f   Thumb Code    18  stm32f10x_tim.o(.text)
    TIM_InternalClockConfig                  0x08002191   Thumb Code    12  stm32f10x_tim.o(.text)
    TIM_SelectInputTrigger                   0x0800219d   Thumb Code    18  stm32f10x_tim.o(.text)
    TIM_ITRxExternalClockConfig              0x080021af   Thumb Code    24  stm32f10x_tim.o(.text)
    TIM_TIxExternalClockConfig               0x080021c7   Thumb Code    62  stm32f10x_tim.o(.text)
    TIM_ETRConfig                            0x08002205   Thumb Code    28  stm32f10x_tim.o(.text)
    TIM_ETRClockMode1Config                  0x08002221   Thumb Code    54  stm32f10x_tim.o(.text)
    TIM_ETRClockMode2Config                  0x08002257   Thumb Code    32  stm32f10x_tim.o(.text)
    TIM_PrescalerConfig                      0x08002277   Thumb Code     6  stm32f10x_tim.o(.text)
    TIM_CounterModeConfig                    0x0800227d   Thumb Code    18  stm32f10x_tim.o(.text)
    TIM_EncoderInterfaceConfig               0x0800228f   Thumb Code    66  stm32f10x_tim.o(.text)
    TIM_ForcedOC1Config                      0x080022d1   Thumb Code    18  stm32f10x_tim.o(.text)
    TIM_ForcedOC2Config                      0x080022e3   Thumb Code    26  stm32f10x_tim.o(.text)
    TIM_ForcedOC3Config                      0x080022fd   Thumb Code    18  stm32f10x_tim.o(.text)
    TIM_ForcedOC4Config                      0x0800230f   Thumb Code    26  stm32f10x_tim.o(.text)
    TIM_ARRPreloadConfig                     0x08002329   Thumb Code    24  stm32f10x_tim.o(.text)
    TIM_SelectCOM                            0x08002341   Thumb Code    24  stm32f10x_tim.o(.text)
    TIM_SelectCCDMA                          0x08002359   Thumb Code    24  stm32f10x_tim.o(.text)
    TIM_CCPreloadControl                     0x08002371   Thumb Code    24  stm32f10x_tim.o(.text)
    TIM_OC1PreloadConfig                     0x08002389   Thumb Code    18  stm32f10x_tim.o(.text)
    TIM_OC2PreloadConfig                     0x0800239b   Thumb Code    26  stm32f10x_tim.o(.text)
    TIM_OC3PreloadConfig                     0x080023b5   Thumb Code    18  stm32f10x_tim.o(.text)
    TIM_OC4PreloadConfig                     0x080023c7   Thumb Code    26  stm32f10x_tim.o(.text)
    TIM_OC1FastConfig                        0x080023e1   Thumb Code    18  stm32f10x_tim.o(.text)
    TIM_OC2FastConfig                        0x080023f3   Thumb Code    26  stm32f10x_tim.o(.text)
    TIM_OC3FastConfig                        0x0800240d   Thumb Code    18  stm32f10x_tim.o(.text)
    TIM_OC4FastConfig                        0x0800241f   Thumb Code    26  stm32f10x_tim.o(.text)
    TIM_ClearOC1Ref                          0x08002439   Thumb Code    18  stm32f10x_tim.o(.text)
    TIM_ClearOC2Ref                          0x0800244b   Thumb Code    24  stm32f10x_tim.o(.text)
    TIM_ClearOC3Ref                          0x08002463   Thumb Code    18  stm32f10x_tim.o(.text)
    TIM_ClearOC4Ref                          0x08002475   Thumb Code    24  stm32f10x_tim.o(.text)
    TIM_OC1PolarityConfig                    0x0800248d   Thumb Code    18  stm32f10x_tim.o(.text)
    TIM_OC1NPolarityConfig                   0x0800249f   Thumb Code    18  stm32f10x_tim.o(.text)
    TIM_OC2PolarityConfig                    0x080024b1   Thumb Code    26  stm32f10x_tim.o(.text)
    TIM_OC2NPolarityConfig                   0x080024cb   Thumb Code    26  stm32f10x_tim.o(.text)
    TIM_OC3PolarityConfig                    0x080024e5   Thumb Code    26  stm32f10x_tim.o(.text)
    TIM_OC3NPolarityConfig                   0x080024ff   Thumb Code    26  stm32f10x_tim.o(.text)
    TIM_OC4PolarityConfig                    0x08002519   Thumb Code    26  stm32f10x_tim.o(.text)
    TIM_CCxCmd                               0x08002533   Thumb Code    30  stm32f10x_tim.o(.text)
    TIM_CCxNCmd                              0x08002551   Thumb Code    30  stm32f10x_tim.o(.text)
    TIM_SelectOCxM                           0x0800256f   Thumb Code    82  stm32f10x_tim.o(.text)
    TIM_UpdateDisableConfig                  0x080025c1   Thumb Code    24  stm32f10x_tim.o(.text)
    TIM_UpdateRequestConfig                  0x080025d9   Thumb Code    24  stm32f10x_tim.o(.text)
    TIM_SelectHallSensor                     0x080025f1   Thumb Code    24  stm32f10x_tim.o(.text)
    TIM_SelectOnePulseMode                   0x08002609   Thumb Code    18  stm32f10x_tim.o(.text)
    TIM_SelectOutputTrigger                  0x0800261b   Thumb Code    18  stm32f10x_tim.o(.text)
    TIM_SelectSlaveMode                      0x0800262d   Thumb Code    18  stm32f10x_tim.o(.text)
    TIM_SelectMasterSlaveMode                0x0800263f   Thumb Code    18  stm32f10x_tim.o(.text)
    TIM_SetCounter                           0x08002651   Thumb Code     4  stm32f10x_tim.o(.text)
    TIM_SetAutoreload                        0x08002655   Thumb Code     4  stm32f10x_tim.o(.text)
    TIM_SetCompare1                          0x08002659   Thumb Code     4  stm32f10x_tim.o(.text)
    TIM_SetCompare2                          0x0800265d   Thumb Code     4  stm32f10x_tim.o(.text)
    TIM_SetCompare3                          0x08002661   Thumb Code     4  stm32f10x_tim.o(.text)
    TIM_SetCompare4                          0x08002665   Thumb Code     6  stm32f10x_tim.o(.text)
    TIM_SetClockDivision                     0x0800266b   Thumb Code    18  stm32f10x_tim.o(.text)
    TIM_GetCapture1                          0x0800267d   Thumb Code     6  stm32f10x_tim.o(.text)
    TIM_GetCapture2                          0x08002683   Thumb Code     6  stm32f10x_tim.o(.text)
    TIM_GetCapture3                          0x08002689   Thumb Code     6  stm32f10x_tim.o(.text)
    TIM_GetCapture4                          0x0800268f   Thumb Code     8  stm32f10x_tim.o(.text)
    TIM_GetCounter                           0x08002697   Thumb Code     6  stm32f10x_tim.o(.text)
    TIM_GetPrescaler                         0x0800269d   Thumb Code     6  stm32f10x_tim.o(.text)
    TIM_GetFlagStatus                        0x080026a3   Thumb Code    18  stm32f10x_tim.o(.text)
    TIM_ClearFlag                            0x080026b5   Thumb Code     6  stm32f10x_tim.o(.text)
    TIM_GetITStatus                          0x080026bb   Thumb Code    34  stm32f10x_tim.o(.text)
    TIM_ClearITPendingBit                    0x080026dd   Thumb Code     6  stm32f10x_tim.o(.text)
    USART_DeInit                             0x080026e5   Thumb Code   134  stm32f10x_usart.o(.text)
    USART_Init                               0x0800276b   Thumb Code   210  stm32f10x_usart.o(.text)
    USART_StructInit                         0x0800283d   Thumb Code    24  stm32f10x_usart.o(.text)
    USART_ClockInit                          0x08002855   Thumb Code    34  stm32f10x_usart.o(.text)
    USART_ClockStructInit                    0x08002877   Thumb Code    12  stm32f10x_usart.o(.text)
    USART_Cmd                                0x08002883   Thumb Code    24  stm32f10x_usart.o(.text)
    USART_ITConfig                           0x0800289b   Thumb Code    74  stm32f10x_usart.o(.text)
    USART_DMACmd                             0x080028e5   Thumb Code    18  stm32f10x_usart.o(.text)
    USART_SetAddress                         0x080028f7   Thumb Code    18  stm32f10x_usart.o(.text)
    USART_WakeUpConfig                       0x08002909   Thumb Code    18  stm32f10x_usart.o(.text)
    USART_ReceiverWakeUpCmd                  0x0800291b   Thumb Code    24  stm32f10x_usart.o(.text)
    USART_LINBreakDetectLengthConfig         0x08002933   Thumb Code    18  stm32f10x_usart.o(.text)
    USART_LINCmd                             0x08002945   Thumb Code    24  stm32f10x_usart.o(.text)
    USART_SendData                           0x0800295d   Thumb Code     8  stm32f10x_usart.o(.text)
    USART_ReceiveData                        0x08002965   Thumb Code    10  stm32f10x_usart.o(.text)
    USART_SendBreak                          0x0800296f   Thumb Code    10  stm32f10x_usart.o(.text)
    USART_SetGuardTime                       0x08002979   Thumb Code    16  stm32f10x_usart.o(.text)
    USART_SetPrescaler                       0x08002989   Thumb Code    16  stm32f10x_usart.o(.text)
    USART_SmartCardCmd                       0x08002999   Thumb Code    24  stm32f10x_usart.o(.text)
    USART_SmartCardNACKCmd                   0x080029b1   Thumb Code    24  stm32f10x_usart.o(.text)
    USART_HalfDuplexCmd                      0x080029c9   Thumb Code    24  stm32f10x_usart.o(.text)
    USART_OverSampling8Cmd                   0x080029e1   Thumb Code    22  stm32f10x_usart.o(.text)
    USART_OneBitMethodCmd                    0x080029f7   Thumb Code    24  stm32f10x_usart.o(.text)
    USART_IrDAConfig                         0x08002a0f   Thumb Code    18  stm32f10x_usart.o(.text)
    USART_IrDACmd                            0x08002a21   Thumb Code    24  stm32f10x_usart.o(.text)
    USART_GetFlagStatus                      0x08002a39   Thumb Code    26  stm32f10x_usart.o(.text)
    USART_ClearFlag                          0x08002a53   Thumb Code    18  stm32f10x_usart.o(.text)
    USART_GetITStatus                        0x08002a65   Thumb Code    84  stm32f10x_usart.o(.text)
    USART_ClearITPendingBit                  0x08002ab9   Thumb Code    52  stm32f10x_usart.o(.text)
    filter                                   0x08002aed   Thumb Code   272  main.o(.text)
    LED_GPIOIni                              0x08002bfd   Thumb Code    38  main.o(.text)
    FATFS_Init                               0x08002c23   Thumb Code   126  main.o(.text)
    mChange                                  0x08002ca1   Thumb Code    86  main.o(.text)
    mSend                                    0x08002cf7   Thumb Code   130  main.o(.text)
    mFirst_Draw                              0x08002d79   Thumb Code  1296  main.o(.text)
    mElse_Draw                               0x08003289   Thumb Code  1068  main.o(.text)
    main                                     0x080036b5   Thumb Code  1254  main.o(.text)
    DMA1_Channel1_IRQHandler                 0x08003c41   Thumb Code   180  stm32f10x_it.o(.text)
    NMI_Handler                              0x08003cf5   Thumb Code     2  stm32f10x_it.o(.text)
    HardFault_Handler                        0x08003cf7   Thumb Code     4  stm32f10x_it.o(.text)
    MemManage_Handler                        0x08003cfb   Thumb Code     4  stm32f10x_it.o(.text)
    BusFault_Handler                         0x08003cff   Thumb Code     4  stm32f10x_it.o(.text)
    UsageFault_Handler                       0x08003d03   Thumb Code     4  stm32f10x_it.o(.text)
    SVC_Handler                              0x08003d07   Thumb Code     2  stm32f10x_it.o(.text)
    DebugMon_Handler                         0x08003d09   Thumb Code     2  stm32f10x_it.o(.text)
    PendSV_Handler                           0x08003d0b   Thumb Code     2  stm32f10x_it.o(.text)
    USART1_IRQHandler                        0x08003d0d   Thumb Code   134  stm32f10x_it.o(.text)
    RTC_IRQHandler                           0x08003d93   Thumb Code   362  stm32f10x_it.o(.text)
    ESP8266_Init                             0x0800407d   Thumb Code    20  bsp_esp8266.o(.text)
    ESP8266_Rst                              0x08004091   Thumb Code    28  bsp_esp8266.o(.text)
    ESP8266_Cmd                              0x080040ad   Thumb Code   156  bsp_esp8266.o(.text)
    ESP8266_AT_Test                          0x08004149   Thumb Code    56  bsp_esp8266.o(.text)
    ESP8266_Net_Mode_Choose                  0x08004181   Thumb Code    68  bsp_esp8266.o(.text)
    ESP8266_JoinAP                           0x080041c5   Thumb Code    38  bsp_esp8266.o(.text)
    ESP8266_BuildAP                          0x080041eb   Thumb Code    42  bsp_esp8266.o(.text)
    ESP8266_Enable_MultipleId                0x08004215   Thumb Code    42  bsp_esp8266.o(.text)
    ESP8266_Link_Server                      0x0800423f   Thumb Code   110  bsp_esp8266.o(.text)
    ESP8266_StartOrShutServer                0x080042ad   Thumb Code   104  bsp_esp8266.o(.text)
    ESP8266_Get_LinkStatus                   0x08004315   Thumb Code    64  bsp_esp8266.o(.text)
    ESP8266_Get_IdLinkStatus                 0x08004355   Thumb Code   126  bsp_esp8266.o(.text)
    ESP8266_Inquire_ApIp                     0x080043d3   Thumb Code   480  bsp_esp8266.o(.text)
    ESP8266_UnvarnishSend                    0x080045b3   Thumb Code    42  bsp_esp8266.o(.text)
    ESP8266_ExitUnvarnishSend                0x080045dd   Thumb Code    28  bsp_esp8266.o(.text)
    ESP8266_SendString                       0x080045f9   Thumb Code   104  bsp_esp8266.o(.text)
    ESP8266_ReceiveString                    0x08004661   Thumb Code    88  bsp_esp8266.o(.text)
    USART_printf                             0x0800477f   Thumb Code   262  common.o(.text)
    ESP8266_APTcpClient_UnvarnishTest        0x08004885   Thumb Code   206  test.o(.text)
    ESP8266_StaTcpClient_UnvarnishTest       0x08004953   Thumb Code   142  test.o(.text)
    ESP8266_Connect_Test                     0x080049e1   Thumb Code    72  test.o(.text)
    TIM3_Init                                0x08004bb3   Thumb Code    90  bsp_adc.o(.text)
    ADCx_Init                                0x08004c0d   Thumb Code    16  bsp_adc.o(.text)
    LCD_WR_REG                               0x08004c31   Thumb Code    28  lcd.o(.text)
    LCD_WR_DATAX                             0x08004c4d   Thumb Code    28  lcd.o(.text)
    LCD_RD_DATA                              0x08004c69   Thumb Code    98  lcd.o(.text)
    LCD_WriteReg                             0x08004ccb   Thumb Code    40  lcd.o(.text)
    LCD_ReadReg                              0x08004cf3   Thumb Code    16  lcd.o(.text)
    LCD_WriteRAM_Prepare                     0x08004d03   Thumb Code    12  lcd.o(.text)
    LCD_WriteRAM                             0x08004d0f   Thumb Code    28  lcd.o(.text)
    LCD_BGR2RGB                              0x08004d2b   Thumb Code    26  lcd.o(.text)
    opt_delay                                0x08004d45   Thumb Code    14  lcd.o(.text)
    LCD_SetCursor                            0x08004d53   Thumb Code   956  lcd.o(.text)
    LCD_ReadPoint                            0x0800510f   Thumb Code   506  lcd.o(.text)
    LCD_DisplayOn                            0x08005309   Thumb Code    92  lcd.o(.text)
    LCD_DisplayOff                           0x08005365   Thumb Code    90  lcd.o(.text)
    LCD_Scan_Dir                             0x080053bf   Thumb Code  1126  lcd.o(.text)
    LCD_DrawPoint                            0x08005825   Thumb Code    52  lcd.o(.text)
    LCD_Fast_DrawPoint                       0x08005859   Thumb Code   854  lcd.o(.text)
    LCD_SSD_BackLightSet                     0x08005baf   Thumb Code   220  lcd.o(.text)
    LCD_Display_Dir                          0x08005c8b   Thumb Code   444  lcd.o(.text)
    LCD_Set_Window                           0x08005e47   Thumb Code  1078  lcd.o(.text)
    LCD_Clear                                0x0800627d   Thumb Code   122  lcd.o(.text)
    LCD_Init                                 0x080062f7   Thumb Code  1118  lcd.o(.text)
    LCD_Fill                                 0x08006755   Thumb Code   200  lcd.o(.text)
    LCD_Color_Fill                           0x0800681d   Thumb Code   134  lcd.o(.text)
    LCD_DrawLine                             0x080068a3   Thumb Code   204  lcd.o(.text)
    LCD_DrawRectangle                        0x0800696f   Thumb Code    60  lcd.o(.text)
    LCD_Draw_Circle                          0x080069ab   Thumb Code   152  lcd.o(.text)
    LCD_ShowChar                             0x08006a43   Thumb Code   272  lcd.o(.text)
    LCD_Pow                                  0x08006b53   Thumb Code    22  lcd.o(.text)
    LCD_ShowNum                              0x08006b69   Thumb Code   148  lcd.o(.text)
    LCD_ShowxNum                             0x08006bfd   Thumb Code   224  lcd.o(.text)
    LCD_ShowString                           0x08006cdd   Thumb Code   102  lcd.o(.text)
    next_data_handle1                        0x08006d45   Thumb Code    18  ringbuf.o(.text)
    write_int_data_LCD                       0x08006d57   Thumb Code    28  ringbuf.o(.text)
    add                                      0x08006d7d   Thumb Code    40  fft.o(.text)
    sub                                      0x08006da5   Thumb Code    40  fft.o(.text)
    mul                                      0x08006dcd   Thumb Code    76  fft.o(.text)
    FFT                                      0x08006e6b   Thumb Code   380  fft.o(.text)
    Rprocess                                 0x08007005   Thumb Code   806  rsearch.o(.text)
    GregorianDay                             0x08007361   Thumb Code   146  bsp_date.o(.text)
    to_tm                                    0x080073f3   Thumb Code   194  bsp_date.o(.text)
    RTC_NVIC_Config                          0x080074c1   Thumb Code    42  bsp_rtc.o(.text)
    RTC_Configuration                        0x080074eb   Thumb Code    88  bsp_rtc.o(.text)
    RTC_CheckAndConfig                       0x08007543   Thumb Code    54  bsp_rtc.o(.text)
    RTC_Init                                 0x08007579   Thumb Code    12  bsp_rtc.o(.text)
    delay_init                               0x08007585   Thumb Code    50  delay.o(.text)
    delay_us                                 0x080075b7   Thumb Code    72  delay.o(.text)
    delay_ms                                 0x080075ff   Thumb Code    72  delay.o(.text)
    EXTIX_Init                               0x08007659   Thumb Code   146  exti.o(.text)
    EXTI9_5_IRQHandler                       0x080076eb   Thumb Code    84  exti.o(.text)
    EXTI15_10_IRQHandler                     0x0800773f   Thumb Code   124  exti.o(.text)
    KEY_Init                                 0x080077e9   Thumb Code    62  key_1.o(.text)
    KEY_Scan                                 0x08007827   Thumb Code   114  key_1.o(.text)
    disk_initialize                          0x080078a9   Thumb Code    88  diskio.o(.text)
    disk_status                              0x08007901   Thumb Code     6  diskio.o(.text)
    disk_read                                0x08007907   Thumb Code   118  diskio.o(.text)
    disk_write                               0x0800797d   Thumb Code    98  diskio.o(.text)
    disk_ioctl                               0x080079df   Thumb Code   154  diskio.o(.text)
    get_fattime                              0x08007a79   Thumb Code     4  diskio.o(.text)
    ff_memalloc                              0x08007a7d   Thumb Code    12  diskio.o(.text)
    ff_memfree                               0x08007a89   Thumb Code    12  diskio.o(.text)
    clust2sect                               0x08007c4f   Thumb Code    26  ff.o(.text)
    get_fat                                  0x08007c69   Thumb Code   232  ff.o(.text)
    put_fat                                  0x08007d51   Thumb Code   310  ff.o(.text)
    f_mount                                  0x08009063   Thumb Code    86  ff.o(.text)
    f_open                                   0x080090b9   Thumb Code   384  ff.o(.text)
    f_read                                   0x08009239   Thumb Code   450  ff.o(.text)
    f_write                                  0x080093fb   Thumb Code   498  ff.o(.text)
    f_sync                                   0x080095ed   Thumb Code   176  ff.o(.text)
    f_close                                  0x0800969d   Thumb Code    32  ff.o(.text)
    f_lseek                                  0x080096bd   Thumb Code   654  ff.o(.text)
    f_opendir                                0x0800994b   Thumb Code   136  ff.o(.text)
    f_closedir                               0x080099d3   Thumb Code    22  ff.o(.text)
    f_readdir                                0x080099e9   Thumb Code   114  ff.o(.text)
    f_stat                                   0x08009a5b   Thumb Code    84  ff.o(.text)
    f_getfree                                0x08009aaf   Thumb Code   258  ff.o(.text)
    f_truncate                               0x08009bb1   Thumb Code   184  ff.o(.text)
    f_unlink                                 0x08009c69   Thumb Code   194  ff.o(.text)
    f_mkdir                                  0x08009d2b   Thumb Code   380  ff.o(.text)
    f_chmod                                  0x08009ea7   Thumb Code   112  ff.o(.text)
    f_utime                                  0x08009f17   Thumb Code   110  ff.o(.text)
    f_rename                                 0x08009f85   Thumb Code   314  ff.o(.text)
    f_getlabel                               0x0800a0bf   Thumb Code   190  ff.o(.text)
    f_setlabel                               0x0800a17d   Thumb Code   470  ff.o(.text)
    f_mkfs                                   0x0800a353   Thumb Code  1570  ff.o(.text)
    f_gets                                   0x0800a975   Thumb Code    82  ff.o(.text)
    f_putc                                   0x0800aa0b   Thumb Code    64  ff.o(.text)
    f_puts                                   0x0800aa4b   Thumb Code    74  ff.o(.text)
    f_printf                                 0x0800aa95   Thumb Code   674  ff.o(.text)
    ff_convert                               0x0800ad39   Thumb Code   116  cc936.o(.text)
    ff_wtoupper                              0x0800adad   Thumb Code    46  cc936.o(.text)
    exfuns_init                              0x0800aded   Thumb Code   100  exfuns.o(.text)
    char_upper                               0x0800ae51   Thumb Code    26  exfuns.o(.text)
    f_typetell                               0x0800ae6b   Thumb Code   188  exfuns.o(.text)
    exf_getfree                              0x0800af27   Thumb Code    74  exfuns.o(.text)
    SPI_Flash_ReadID                         0x0800af85   Thumb Code    64  flash.o(.text)
    SPI_Flash_Init                           0x0800afc5   Thumb Code    64  flash.o(.text)
    SPI_Flash_ReadSR                         0x0800b005   Thumb Code    36  flash.o(.text)
    SPI_FLASH_Write_SR                       0x0800b029   Thumb Code    32  flash.o(.text)
    SPI_FLASH_Write_Enable                   0x0800b049   Thumb Code    24  flash.o(.text)
    SPI_FLASH_Write_Disable                  0x0800b061   Thumb Code    24  flash.o(.text)
    SPI_Flash_Read                           0x0800b079   Thumb Code    74  flash.o(.text)
    SPI_Flash_Wait_Busy                      0x0800b0c3   Thumb Code    18  flash.o(.text)
    SPI_Flash_Write_Page                     0x0800b0d5   Thumb Code    80  flash.o(.text)
    SPI_Flash_Write_NoCheck                  0x0800b125   Thumb Code    70  flash.o(.text)
    SPI_Flash_Erase_Sector                   0x0800b16b   Thumb Code    62  flash.o(.text)
    SPI_Flash_Write                          0x0800b1a9   Thumb Code   176  flash.o(.text)
    SPI_Flash_Erase_Chip                     0x0800b259   Thumb Code    36  flash.o(.text)
    SPI_Flash_PowerDown                      0x0800b27d   Thumb Code    30  flash.o(.text)
    SPI_Flash_WAKEUP                         0x0800b29b   Thumb Code    30  flash.o(.text)
    SPI1_ReadWriteByte                       0x0800b2cd   Thumb Code    78  spi.o(.text)
    SPI1_Init                                0x0800b31b   Thumb Code   108  spi.o(.text)
    SPI1_SetSpeed                            0x0800b387   Thumb Code    26  spi.o(.text)
    SD_SPI_ReadWriteByte                     0x0800b3ad   Thumb Code    12  mmc_sd.o(.text)
    SD_SPI_SpeedLow                          0x0800b3b9   Thumb Code    10  mmc_sd.o(.text)
    SD_SPI_SpeedHigh                         0x0800b3c3   Thumb Code    10  mmc_sd.o(.text)
    SD_SPI_Init                              0x0800b3cd   Thumb Code    56  mmc_sd.o(.text)
    SD_DisSelect                             0x0800b405   Thumb Code    16  mmc_sd.o(.text)
    SD_WaitReady                             0x0800b415   Thumb Code    34  mmc_sd.o(.text)
    SD_Select                                0x0800b437   Thumb Code    26  mmc_sd.o(.text)
    SD_GetResponse                           0x0800b451   Thumb Code    38  mmc_sd.o(.text)
    SD_RecvData                              0x0800b477   Thumb Code    56  mmc_sd.o(.text)
    SD_SendBlock                             0x0800b4af   Thumb Code    82  mmc_sd.o(.text)
    SD_SendCmd                               0x0800b501   Thumb Code   120  mmc_sd.o(.text)
    SD_GetCID                                0x0800b579   Thumb Code    42  mmc_sd.o(.text)
    SD_GetCSD                                0x0800b5a3   Thumb Code    42  mmc_sd.o(.text)
    SD_GetSectorCount                        0x0800b5cd   Thumb Code   118  mmc_sd.o(.text)
    SD_Initialize                            0x0800b643   Thumb Code   398  mmc_sd.o(.text)
    SD_ReadDisk                              0x0800b7d1   Thumb Code   112  mmc_sd.o(.text)
    SD_WriteDisk                             0x0800b841   Thumb Code   140  mmc_sd.o(.text)
    mymemcpy                                 0x0800b8d1   Thumb Code    26  malloc.o(.text)
    mymemset                                 0x0800b8eb   Thumb Code    20  malloc.o(.text)
    mem_init                                 0x0800b8ff   Thumb Code    38  malloc.o(.text)
    mem_perused                              0x0800b925   Thumb Code    34  malloc.o(.text)
    mem_malloc                               0x0800b947   Thumb Code   114  malloc.o(.text)
    mem_free                                 0x0800b9b9   Thumb Code    66  malloc.o(.text)
    myfree                                   0x0800b9fb   Thumb Code    24  malloc.o(.text)
    mymalloc                                 0x0800ba13   Thumb Code    28  malloc.o(.text)
    myrealloc                                0x0800ba2f   Thumb Code    50  malloc.o(.text)
    __aeabi_memcpy                           0x0800ba65   Thumb Code    36  memcpya.o(.text)
    __aeabi_memcpy4                          0x0800ba65   Thumb Code     0  memcpya.o(.text)
    __aeabi_memcpy8                          0x0800ba65   Thumb Code     0  memcpya.o(.text)
    __aeabi_memset                           0x0800ba89   Thumb Code    14  memseta.o(.text)
    __aeabi_memset4                          0x0800ba89   Thumb Code     0  memseta.o(.text)
    __aeabi_memset8                          0x0800ba89   Thumb Code     0  memseta.o(.text)
    __aeabi_memclr                           0x0800ba97   Thumb Code     4  memseta.o(.text)
    __aeabi_memclr4                          0x0800ba97   Thumb Code     0  memseta.o(.text)
    __aeabi_memclr8                          0x0800ba97   Thumb Code     0  memseta.o(.text)
    _memset$wrapper                          0x0800ba9b   Thumb Code    18  memseta.o(.text)
    strstr                                   0x0800baad   Thumb Code    36  strstr.o(.text)
    strcmp                                   0x0800bad1   Thumb Code    28  strcmp.o(.text)
    strcpy                                   0x0800baed   Thumb Code    18  strcpy.o(.text)
    __aeabi_fadd                             0x0800baff   Thumb Code   164  fadd.o(.text)
    __aeabi_fsub                             0x0800bba3   Thumb Code     6  fadd.o(.text)
    __aeabi_frsub                            0x0800bba9   Thumb Code     6  fadd.o(.text)
    __aeabi_fmul                             0x0800bbaf   Thumb Code   100  fmul.o(.text)
    __aeabi_fdiv                             0x0800bc13   Thumb Code   124  fdiv.o(.text)
    __aeabi_dadd                             0x0800bc8f   Thumb Code   322  dadd.o(.text)
    __aeabi_dsub                             0x0800bdd1   Thumb Code     6  dadd.o(.text)
    __aeabi_drsub                            0x0800bdd7   Thumb Code     6  dadd.o(.text)
    __aeabi_dmul                             0x0800bddd   Thumb Code   228  dmul.o(.text)
    __aeabi_ddiv                             0x0800bec1   Thumb Code   222  ddiv.o(.text)
    __aeabi_ui2f                             0x0800bf9f   Thumb Code    10  ffltui.o(.text)
    __aeabi_i2d                              0x0800bfa9   Thumb Code    34  dflti.o(.text)
    __aeabi_ui2d                             0x0800bfcb   Thumb Code    26  dfltui.o(.text)
    __aeabi_f2uiz                            0x0800bfe5   Thumb Code    40  ffixui.o(.text)
    __aeabi_d2iz                             0x0800c00d   Thumb Code    62  dfixi.o(.text)
    __aeabi_d2uiz                            0x0800c04b   Thumb Code    50  dfixui.o(.text)
    __aeabi_f2d                              0x0800c07d   Thumb Code    38  f2d.o(.text)
    __aeabi_d2f                              0x0800c0a3   Thumb Code    56  d2f.o(.text)
    __aeabi_uidiv                            0x0800c0db   Thumb Code     0  uidiv.o(.text)
    __aeabi_uidivmod                         0x0800c0db   Thumb Code    44  uidiv.o(.text)
    __aeabi_llsl                             0x0800c107   Thumb Code    30  llshl.o(.text)
    _ll_shift_l                              0x0800c107   Thumb Code     0  llshl.o(.text)
    __aeabi_llsr                             0x0800c125   Thumb Code    32  llushr.o(.text)
    _ll_ushift_r                             0x0800c125   Thumb Code     0  llushr.o(.text)
    __aeabi_lasr                             0x0800c145   Thumb Code    36  llsshr.o(.text)
    _ll_sshift_r                             0x0800c145   Thumb Code     0  llsshr.o(.text)
    __I$use$fp                               0x0800c169   Thumb Code     0  iusefp.o(.text)
    _float_round                             0x0800c169   Thumb Code    18  fepilogue.o(.text)
    _float_epilogue                          0x0800c17b   Thumb Code    92  fepilogue.o(.text)
    _double_round                            0x0800c1d7   Thumb Code    30  depilogue.o(.text)
    _double_epilogue                         0x0800c1f5   Thumb Code   156  depilogue.o(.text)
    _dsqrt                                   0x0800c291   Thumb Code   162  dsqrt.o(.text)
    __scatterload                            0x0800c335   Thumb Code    28  init.o(.text)
    __scatterload_rt2                        0x0800c335   Thumb Code     0  init.o(.text)
    __decompress                             0x0800c359   Thumb Code     0  __dczerorl2.o(.text)
    __decompress1                            0x0800c359   Thumb Code    86  __dczerorl2.o(.text)
    __0sprintf$6                             0x0800c3b1   Thumb Code    34  printf6.o(i.__0sprintf$6)
    __1sprintf$6                             0x0800c3b1   Thumb Code     0  printf6.o(i.__0sprintf$6)
    __2sprintf                               0x0800c3b1   Thumb Code     0  printf6.o(i.__0sprintf$6)
    __scatterload_copy                       0x0800c3d9   Thumb Code    14  handlers.o(i.__scatterload_copy)
    __scatterload_null                       0x0800c3e7   Thumb Code     2  handlers.o(i.__scatterload_null)
    __scatterload_zeroinit                   0x0800c3e9   Thumb Code    14  handlers.o(i.__scatterload_zeroinit)
    __set_errno                              0x0800c3f9   Thumb Code     6  errno.o(i.__set_errno)
    sqrt                                     0x0800c751   Thumb Code    76  sqrt.o(i.sqrt)
    IIR_50Notch_B                            0x0800c79c   Data          12  main.o(.constdata)
    IIR_50Notch_A                            0x0800c7a8   Data          12  main.o(.constdata)
    asc2_1206                                0x0800c7b4   Data        1140  lcd.o(.constdata)
    asc2_1608                                0x0800cc28   Data        1520  lcd.o(.constdata)
    asc2_2412                                0x0800d218   Data        3420  lcd.o(.constdata)
    Region$$Table$$Base                      0x08038d24   Number         0  anon$$obj.o(Region$$Table)
    Region$$Table$$Limit                     0x08038d44   Number         0  anon$$obj.o(Region$$Table)
    SystemCoreClock                          0x20000000   Data           4  system_stm32f10x.o(.data)
    AHBPrescTable                            0x20000004   Data          16  system_stm32f10x.o(.data)
    Draw_Data_int                            0x20000028   Data           2  main.o(.data)
    i                                        0x2000002a   Data           2  main.o(.data)
    j                                        0x2000002c   Data           2  main.o(.data)
    mainflag1                                0x2000002e   Data           1  main.o(.data)
    mainflag2                                0x2000002f   Data           1  main.o(.data)
    res                                      0x20000030   Data           1  main.o(.data)
    rr_show                                  0x20000034   Data           4  main.o(.data)
    heart_rate                               0x20000038   Data           4  main.o(.data)
    rate                                     0x20000040   Data           8  main.o(.data)
    ID                                       0x20000048   Data           1  main.o(.data)
    ID1                                      0x20000049   Data           1  main.o(.data)
    ID2                                      0x2000004a   Data           1  main.o(.data)
    ID3                                      0x2000004b   Data           1  main.o(.data)
    x0                                       0x2000004c   Data           4  main.o(.data)
    y0                                       0x20000050   Data           4  main.o(.data)
    y1                                       0x20000054   Data           4  main.o(.data)
    a                                        0x20000058   Data           2  main.o(.data)
    k                                        0x2000005a   Data           2  main.o(.data)
    DataFlag1                                0x2000005c   Data           2  stm32f10x_it.o(.data)
    DataFlag2                                0x2000005e   Data           2  stm32f10x_it.o(.data)
    DataFlag4                                0x20000060   Data           2  stm32f10x_it.o(.data)
    ucTcpClosedFlag                          0x20000064   Data           1  test.o(.data)
    port1                                    0x20000068   Data           4  test.o(.data)
    port2                                    0x2000006c   Data           4  test.o(.data)
    port3                                    0x20000070   Data           4  test.o(.data)
    DMA_flag                                 0x20000074   Data           1  bsp_adc.o(.data)
    POINT_COLOR                              0x20000076   Data           2  lcd.o(.data)
    BACK_COLOR                               0x20000078   Data           2  lcd.o(.data)
    writeldx_lcd                             0x2000007c   Data           4  ringbuf.o(.data)
    Mag_total                                0x20000080   Data           8  fft.o(.data)
    WN                                       0x20000088   Data         512  fft.o(.data)
    r_valid                                  0x20000288   Data           2  rsearch.o(.data)
    EcgGate                                  0x2000028a   Data           2  rsearch.o(.data)
    Ecgmax                                   0x2000028c   Data           2  rsearch.o(.data)
    rnum                                     0x2000028e   Data           1  rsearch.o(.data)
    tempecg                                  0x20000290   Data           4  rsearch.o(.data)
    CfGate                                   0x20000294   Data           4  rsearch.o(.data)
    Cfmax                                    0x20000298   Data           4  rsearch.o(.data)
    average_rr                               0x2000029c   Data           4  rsearch.o(.data)
    Sd_Store_flag                            0x200002d4   Data           1  exti.o(.data)
    Sd_Review_flag                           0x200002d5   Data           1  exti.o(.data)
    Esp_Send_flag                            0x200002d6   Data           1  exti.o(.data)
    FLASH_SECTOR_COUNT                       0x200002d8   Data           2  diskio.o(.data)
    FILE_TYPE_TBL                            0x200002e8   Data         312  exfuns.o(.data)
    fs                                       0x20000420   Data           8  exfuns.o(.data)
    file                                     0x20000428   Data           4  exfuns.o(.data)
    ftemp                                    0x2000042c   Data           4  exfuns.o(.data)
    br                                       0x20000430   Data           4  exfuns.o(.data)
    bw                                       0x20000434   Data           4  exfuns.o(.data)
    fatbuf                                   0x20000438   Data           4  exfuns.o(.data)
    SPI_FLASH_TYPE                           0x2000043c   Data           2  flash.o(.data)
    SD_Type                                  0x2000043e   Data           1  mmc_sd.o(.data)
    mallco_dev                               0x20000440   Data          20  malloc.o(.data)
    w0                                       0x2000046c   Data          12  main.o(.bss)
    w1                                       0x20000478   Data          12  main.o(.bss)
    IIR_Filter_Data                          0x20000484   Data        1024  main.o(.bss)
    systmtime                                0x20000884   Data          28  stm32f10x_it.o(.bss)
    strEsp8266_Fram_Record                   0x200008a0   Data        1026  bsp_esp8266.o(.bss)
    BUF1                                     0x20000ca2   Data         512  bsp_adc.o(.bss)
    BUF2                                     0x20000ea2   Data         512  bsp_adc.o(.bss)
    lcddev                                   0x200010a2   Data          14  lcd.o(.bss)
    LCD_DrawBuf                              0x200010b0   Data        1024  ringbuf.o(.bss)
    Mag                                      0x200014b0   Data         640  fft.o(.bss)
    Ecg_FFT                                  0x20001730   Data        2048  fft.o(.bss)
    rlabel                                   0x20001f30   Data        1024  rsearch.o(.bss)
    chaf                                     0x20002330   Data        2048  rsearch.o(.bss)
    R                                        0x20002b30   Data          80  rsearch.o(.bss)
    SPI_FLASH_BUF                            0x20002b80   Data        4096  flash.o(.bss)
    SPI_InitStructure                        0x20003b80   Data          18  spi.o(.bss)
    membase                                  0x20003b94   Data        4096  malloc.o(.bss)
    memmapbase                               0x20004b94   Data         256  malloc.o(.bss)
    __initial_sp                             0x20005498   Data           0  startup_stm32f10x_hd.o(STACK)



==============================================================================

Memory Map of the image

  Image Entry point : 0x08000131

  Load Region LR_IROM1 (Base: 0x08000000, Size: 0x0003919c, Max: 0x00040000, ABSOLUTE, COMPRESSED[0x00038f00])

    Execution Region ER_IROM1 (Base: 0x08000000, Size: 0x00038d44, Max: 0x00040000, ABSOLUTE)

    Base Addr    Size         Type   Attr      Idx    E Section Name        Object

    0x08000000   0x00000130   Data   RO            3    RESET               startup_stm32f10x_hd.o
    0x08000130   0x00000000   Code   RO          972  * .ARM.Collect$$$$00000000  mc_w.l(entry.o)
    0x08000130   0x00000004   Code   RO         1276    .ARM.Collect$$$$00000001  mc_w.l(entry2.o)
    0x08000134   0x00000004   Code   RO         1279    .ARM.Collect$$$$00000004  mc_w.l(entry5.o)
    0x08000138   0x00000000   Code   RO         1281    .ARM.Collect$$$$00000008  mc_w.l(entry7b.o)
    0x08000138   0x00000000   Code   RO         1283    .ARM.Collect$$$$0000000A  mc_w.l(entry8b.o)
    0x08000138   0x00000008   Code   RO         1284    .ARM.Collect$$$$0000000B  mc_w.l(entry9a.o)
    0x08000140   0x00000000   Code   RO         1286    .ARM.Collect$$$$0000000D  mc_w.l(entry10a.o)
    0x08000140   0x00000000   Code   RO         1288    .ARM.Collect$$$$0000000F  mc_w.l(entry11a.o)
    0x08000140   0x00000004   Code   RO         1277    .ARM.Collect$$$$00002712  mc_w.l(entry2.o)
    0x08000144   0x00000024   Code   RO            4    .text               startup_stm32f10x_hd.o
    0x08000168   0x000001e0   Code   RO           24    .text               system_stm32f10x.o
    0x08000348   0x000000dc   Code   RO           88    .text               misc.o
    0x08000424   0x0000044e   Code   RO          104    .text               stm32f10x_adc.o
    0x08000872   0x00000002   PAD
    0x08000874   0x000000c4   Code   RO          116    .text               stm32f10x_bkp.o
    0x08000938   0x00000254   Code   RO          203    .text               stm32f10x_dma.o
    0x08000b8c   0x0000011c   Code   RO          215    .text               stm32f10x_exti.o
    0x08000ca8   0x0000035c   Code   RO          257    .text               stm32f10x_gpio.o
    0x08001004   0x000000cc   Code   RO          299    .text               stm32f10x_pwr.o
    0x080010d0   0x000003a4   Code   RO          311    .text               stm32f10x_rcc.o
    0x08001474   0x00000148   Code   RO          325    .text               stm32f10x_rtc.o
    0x080015bc   0x0000030c   Code   RO          352    .text               stm32f10x_spi.o
    0x080018c8   0x00000e1a   Code   RO          364    .text               stm32f10x_tim.o
    0x080026e2   0x00000002   PAD
    0x080026e4   0x00000408   Code   RO          376    .text               stm32f10x_usart.o
    0x08002aec   0x00001154   Code   RO          403    .text               main.o
    0x08003c40   0x00000364   Code   RO          506    .text               stm32f10x_it.o
    0x08003fa4   0x00000778   Code   RO          535    .text               bsp_esp8266.o
    0x0800471c   0x00000168   Code   RO          553    .text               common.o
    0x08004884   0x000001f8   Code   RO          568    .text               test.o
    0x08004a7c   0x000001b4   Code   RO          587    .text               bsp_adc.o
    0x08004c30   0x00002112   Code   RO          606    .text               lcd.o
    0x08006d42   0x00000002   PAD
    0x08006d44   0x00000038   Code   RO          660    .text               ringbuf.o
    0x08006d7c   0x00000288   Code   RO          679    .text               fft.o
    0x08007004   0x0000035c   Code   RO          702    .text               rsearch.o
    0x08007360   0x00000160   Code   RO          721    .text               bsp_date.o
    0x080074c0   0x000000c4   Code   RO          736    .text               bsp_rtc.o
    0x08007584   0x000000d4   Code   RO          751    .text               delay.o
    0x08007658   0x00000190   Code   RO          765    .text               exti.o
    0x080077e8   0x000000c0   Code   RO          791    .text               key_1.o
    0x080078a8   0x000001f8   Code   RO          804    .text               diskio.o
    0x08007aa0   0x00003296   Code   RO          831    .text               ff.o
    0x0800ad36   0x00000002   PAD
    0x0800ad38   0x000000b4   Code   RO          846    .text               cc936.o
    0x0800adec   0x00000198   Code   RO          869    .text               exfuns.o
    0x0800af84   0x00000348   Code   RO          889    .text               flash.o
    0x0800b2cc   0x000000e0   Code   RO          911    .text               spi.o
    0x0800b3ac   0x00000524   Code   RO          926    .text               mmc_sd.o
    0x0800b8d0   0x00000194   Code   RO          944    .text               malloc.o
    0x0800ba64   0x00000024   Code   RO          975    .text               mc_w.l(memcpya.o)
    0x0800ba88   0x00000024   Code   RO          977    .text               mc_w.l(memseta.o)
    0x0800baac   0x00000024   Code   RO          979    .text               mc_w.l(strstr.o)
    0x0800bad0   0x0000001c   Code   RO          981    .text               mc_w.l(strcmp.o)
    0x0800baec   0x00000012   Code   RO          983    .text               mc_w.l(strcpy.o)
    0x0800bafe   0x000000b0   Code   RO         1248    .text               mf_w.l(fadd.o)
    0x0800bbae   0x00000064   Code   RO         1250    .text               mf_w.l(fmul.o)
    0x0800bc12   0x0000007c   Code   RO         1252    .text               mf_w.l(fdiv.o)
    0x0800bc8e   0x0000014e   Code   RO         1254    .text               mf_w.l(dadd.o)
    0x0800bddc   0x000000e4   Code   RO         1256    .text               mf_w.l(dmul.o)
    0x0800bec0   0x000000de   Code   RO         1258    .text               mf_w.l(ddiv.o)
    0x0800bf9e   0x0000000a   Code   RO         1260    .text               mf_w.l(ffltui.o)
    0x0800bfa8   0x00000022   Code   RO         1262    .text               mf_w.l(dflti.o)
    0x0800bfca   0x0000001a   Code   RO         1264    .text               mf_w.l(dfltui.o)
    0x0800bfe4   0x00000028   Code   RO         1266    .text               mf_w.l(ffixui.o)
    0x0800c00c   0x0000003e   Code   RO         1268    .text               mf_w.l(dfixi.o)
    0x0800c04a   0x00000032   Code   RO         1270    .text               mf_w.l(dfixui.o)
    0x0800c07c   0x00000026   Code   RO         1272    .text               mf_w.l(f2d.o)
    0x0800c0a2   0x00000038   Code   RO         1274    .text               mf_w.l(d2f.o)
    0x0800c0da   0x0000002c   Code   RO         1293    .text               mc_w.l(uidiv.o)
    0x0800c106   0x0000001e   Code   RO         1297    .text               mc_w.l(llshl.o)
    0x0800c124   0x00000020   Code   RO         1299    .text               mc_w.l(llushr.o)
    0x0800c144   0x00000024   Code   RO         1301    .text               mc_w.l(llsshr.o)
    0x0800c168   0x00000000   Code   RO         1310    .text               mc_w.l(iusefp.o)
    0x0800c168   0x0000006e   Code   RO         1311    .text               mf_w.l(fepilogue.o)
    0x0800c1d6   0x000000ba   Code   RO         1313    .text               mf_w.l(depilogue.o)
    0x0800c290   0x000000a2   Code   RO         1315    .text               mf_w.l(dsqrt.o)
    0x0800c332   0x00000002   PAD
    0x0800c334   0x00000024   Code   RO         1323    .text               mc_w.l(init.o)
    0x0800c358   0x00000056   Code   RO         1335    .text               mc_w.l(__dczerorl2.o)
    0x0800c3ae   0x00000002   PAD
    0x0800c3b0   0x00000028   Code   RO         1144    i.__0sprintf$6      mc_w.l(printf6.o)
    0x0800c3d8   0x0000000e   Code   RO         1329    i.__scatterload_copy  mc_w.l(handlers.o)
    0x0800c3e6   0x00000002   Code   RO         1330    i.__scatterload_null  mc_w.l(handlers.o)
    0x0800c3e8   0x0000000e   Code   RO         1331    i.__scatterload_zeroinit  mc_w.l(handlers.o)
    0x0800c3f6   0x00000002   PAD
    0x0800c3f8   0x0000000c   Code   RO         1305    i.__set_errno       mc_w.l(errno.o)
    0x0800c404   0x000002f0   Code   RO         1149    i._printf_core      mc_w.l(printf6.o)
    0x0800c6f4   0x00000024   Code   RO         1150    i._printf_post_padding  mc_w.l(printf6.o)
    0x0800c718   0x0000002e   Code   RO         1151    i._printf_pre_padding  mc_w.l(printf6.o)
    0x0800c746   0x0000000a   Code   RO         1153    i._sputc            mc_w.l(printf6.o)
    0x0800c750   0x0000004c   Code   RO          965    i.sqrt              m_ws.l(sqrt.o)
    0x0800c79c   0x00000018   Data   RO          405    .constdata          main.o
    0x0800c7b4   0x000017c0   Data   RO          608    .constdata          lcd.o
    0x0800df74   0x00000030   Data   RO          722    .constdata          bsp_date.o
    0x0800dfa4   0x0000003a   Data   RO          832    .constdata          ff.o
    0x0800dfde   0x0002acc8   Data   RO          847    .constdata          cc936.o
    0x08038ca6   0x00000002   PAD
    0x08038ca8   0x00000015   Data   RO          569    .conststring        test.o
    0x08038cbd   0x00000003   PAD
    0x08038cc0   0x00000064   Data   RO          871    .conststring        exfuns.o
    0x08038d24   0x00000020   Data   RO         1327    Region$$Table       anon$$obj.o


    Execution Region RW_IRAM1 (Base: 0x20000000, Size: 0x00005498, Max: 0x0000c000, ABSOLUTE, COMPRESSED[0x000001bc])

    Base Addr    Size         Type   Attr      Idx    E Section Name        Object

    0x20000000   0x00000014   Data   RW           25    .data               system_stm32f10x.o
    0x20000014   0x00000014   Data   RW          312    .data               stm32f10x_rcc.o
    0x20000028   0x00000034   Data   RW          406    .data               main.o
    0x2000005c   0x00000006   Data   RW          508    .data               stm32f10x_it.o
    0x20000062   0x00000002   PAD
    0x20000064   0x00000010   Data   RW          570    .data               test.o
    0x20000074   0x00000001   Data   RW          589    .data               bsp_adc.o
    0x20000075   0x00000001   PAD
    0x20000076   0x00000004   Data   RW          609    .data               lcd.o
    0x2000007a   0x00000002   PAD
    0x2000007c   0x00000004   Data   RW          662    .data               ringbuf.o
    0x20000080   0x00000208   Data   RW          681    .data               fft.o
    0x20000288   0x00000018   Data   RW          704    .data               rsearch.o
    0x200002a0   0x00000030   Data   RW          723    .data               bsp_date.o
    0x200002d0   0x00000004   Data   RW          752    .data               delay.o
    0x200002d4   0x00000003   Data   RW          766    .data               exti.o
    0x200002d7   0x00000001   Data   RW          792    .data               key_1.o
    0x200002d8   0x00000002   Data   RW          805    .data               diskio.o
    0x200002da   0x00000002   PAD
    0x200002dc   0x0000000a   Data   RW          833    .data               ff.o
    0x200002e6   0x00000002   PAD
    0x200002e8   0x00000154   Data   RW          872    .data               exfuns.o
    0x2000043c   0x00000002   Data   RW          891    .data               flash.o
    0x2000043e   0x00000001   Data   RW          927    .data               mmc_sd.o
    0x2000043f   0x00000001   PAD
    0x20000440   0x00000014   Data   RW          947    .data               malloc.o
    0x20000454   0x00000004   Data   RW         1306    .data               mc_w.l(errno.o)
    0x20000458   0x0000042c   Zero   RW          404    .bss                main.o
    0x20000884   0x0000001c   Zero   RW          507    .bss                stm32f10x_it.o
    0x200008a0   0x00000402   Zero   RW          536    .bss                bsp_esp8266.o
    0x20000ca2   0x00000400   Zero   RW          588    .bss                bsp_adc.o
    0x200010a2   0x0000000e   Zero   RW          607    .bss                lcd.o
    0x200010b0   0x00000400   Zero   RW          661    .bss                ringbuf.o
    0x200014b0   0x00000a80   Zero   RW          680    .bss                fft.o
    0x20001f30   0x00000c50   Zero   RW          703    .bss                rsearch.o
    0x20002b80   0x00001000   Zero   RW          890    .bss                flash.o
    0x20003b80   0x00000012   Zero   RW          912    .bss                spi.o
    0x20003b92   0x00000002   PAD
    0x20003b94   0x00001100   Zero   RW          945    .bss                malloc.o
    0x20004c94   0x00000004   PAD
    0x20004c98   0x00000800   Zero   RW            1    STACK               startup_stm32f10x_hd.o


==============================================================================

Image component sizes


      Code (inc. data)   RO Data    RW Data    ZI Data      Debug   Object Name

       436         20          0          1       1024       1815   bsp_adc.o
       352         12         48         48          0       1685   bsp_date.o
      1912        500          0          0       1026       7857   bsp_esp8266.o
       196          0          0          0          0        956   bsp_rtc.o
       180         18     175304          0          0       2205   cc936.o
       360          0          0          0          0       2267   common.o
         0          0          0          0          0       4496   core_cm3.o
       212         18          0          4          0       1019   delay.o
       504         12          0          2          0       3422   diskio.o
       408         20        100        340          0       2564   exfuns.o
       400         46          0          3          0       3966   exti.o
     12950        138         58         10          0      34018   ff.o
       648         30          0        520       2688       2721   fft.o
       840         20          0          2       4096       4325   flash.o
       192         16          0          1          0        784   key_1.o
      8466        160       6080          4         14      16771   lcd.o
      4436        504         24         52       1068       7021   main.o
       404          4          0         20       4352       4045   malloc.o
       220         22          0          0          0       1813   misc.o
      1316         16          0          1          0       5630   mmc_sd.o
        56         10          0          4       1024       1378   ringbuf.o
       860         54          0         24       3152       2663   rsearch.o
       224         12          0          0         18       1265   spi.o
        36          8        304          0       2048        864   startup_stm32f10x_hd.o
      1102         26          0          0          0      10841   stm32f10x_adc.o
       196          8          0          0          0       3476   stm32f10x_bkp.o
       596          8          0          0          0       4342   stm32f10x_dma.o
       284         10          0          0          0       2243   stm32f10x_exti.o
       860         38          0          0          0       5653   stm32f10x_gpio.o
       868        176          0          6         28       2186   stm32f10x_it.o
       204         14          0          0          0       1919   stm32f10x_pwr.o
       932         36          0         20          0       8824   stm32f10x_rcc.o
       328          4          0          0          0       2674   stm32f10x_rtc.o
       780         14          0          0          0       6538   stm32f10x_spi.o
      3610         88          0          0          0      22140   stm32f10x_tim.o
      1032         22          0          0          0       8384   stm32f10x_usart.o
       480         38          0         20          0     278303   system_stm32f10x.o
       504         84         21         16          0       1808   test.o

    ----------------------------------------------------------------------
     47392       2206     181976       1108      20544     474881   Object Totals
         0          0         32          0          0          0   (incl. Generated)
         8          0          5         10          6          0   (incl. Padding)

    ----------------------------------------------------------------------

      Code (inc. data)   RO Data    RW Data    ZI Data      Debug   Library Member Name

        76          0          0          0          0         84   sqrt.o
        86          0          0          0          0          0   __dczerorl2.o
         0          0          0          0          0          0   entry.o
         0          0          0          0          0          0   entry10a.o
         0          0          0          0          0          0   entry11a.o
         8          4          0          0          0          0   entry2.o
         4          0          0          0          0          0   entry5.o
         0          0          0          0          0          0   entry7b.o
         0          0          0          0          0          0   entry8b.o
         8          4          0          0          0          0   entry9a.o
        12          6          0          4          0         68   errno.o
        30          0          0          0          0          0   handlers.o
        36          8          0          0          0         68   init.o
         0          0          0          0          0          0   iusefp.o
        30          0          0          0          0         68   llshl.o
        36          0          0          0          0         68   llsshr.o
        32          0          0          0          0         68   llushr.o
        36          0          0          0          0         68   memcpya.o
        36          0          0          0          0        108   memseta.o
       884         10          0          0          0        420   printf6.o
        28          0          0          0          0         76   strcmp.o
        18          0          0          0          0         68   strcpy.o
        36          0          0          0          0         80   strstr.o
        44          0          0          0          0         80   uidiv.o
        56          0          0          0          0         88   d2f.o
       334          0          0          0          0        148   dadd.o
       222          0          0          0          0        100   ddiv.o
       186          0          0          0          0        176   depilogue.o
        62          0          0          0          0         80   dfixi.o
        50          0          0          0          0         76   dfixui.o
        34          0          0          0          0         76   dflti.o
        26          0          0          0          0         76   dfltui.o
       228          0          0          0          0         96   dmul.o
       162          0          0          0          0        100   dsqrt.o
        38          0          0          0          0         68   f2d.o
       176          0          0          0          0        140   fadd.o
       124          0          0          0          0         88   fdiv.o
       110          0          0          0          0        168   fepilogue.o
        40          0          0          0          0         68   ffixui.o
        10          0          0          0          0         68   ffltui.o
       100          0          0          0          0         76   fmul.o

    ----------------------------------------------------------------------
      3404         32          0          4          0       3016   Library Totals
         6          0          0          0          0          0   (incl. Padding)

    ----------------------------------------------------------------------

      Code (inc. data)   RO Data    RW Data    ZI Data      Debug   Library Name

        76          0          0          0          0         84   m_ws.l
      1364         32          0          4          0       1240   mc_w.l
      1958          0          0          0          0       1692   mf_w.l

    ----------------------------------------------------------------------
      3404         32          0          4          0       3016   Library Totals

    ----------------------------------------------------------------------

==============================================================================


      Code (inc. data)   RO Data    RW Data    ZI Data      Debug   

     50796       2238     181976       1112      20544     472981   Grand Totals
     50796       2238     181976        444      20544     472981   ELF Image Totals (compressed)
     50796       2238     181976        444          0          0   ROM Totals

==============================================================================

    Total RO  Size (Code + RO Data)               232772 ( 227.32kB)
    Total RW  Size (RW Data + ZI Data)             21656 (  21.15kB)
    Total ROM Size (Code + RO Data + RW Data)     233216 ( 227.75kB)

==============================================================================

